address:
  street:
    name: Main Street
age: 21
firstName: John
lastName: Doe
