address:
  city: New York
  state: NY
  street: Broadway
  zip: "12345"
age: 21
firstName: John
lastName: Doe
